Release 14.7 - xst P.20131013 (nt64)
Copyright (c) 1995-2013 Xilinx, Inc.  All rights reserved.
--> Parameter TMPDIR set to xst/projnav.tmp


Total REAL time to Xst completion: 2.00 secs
Total CPU time to Xst completion: 1.30 secs
 
--> Parameter xsthdpdir set to xst


Total REAL time to Xst completion: 2.00 secs
Total CPU time to Xst completion: 1.30 secs
 
--> Reading design: comparador.prj

TABLE OF CONTENTS
  1) Synthesis Options Summary
  2) HDL Compilation
  3) Design Hierarchy Analysis
  4) HDL Analysis
  5) HDL Synthesis
     5.1) HDL Synthesis Report
  6) Advanced HDL Synthesis
     6.1) Advanced HDL Synthesis Report
  7) Low Level Synthesis
  8) Partition Report
  9) Final Report
	9.1) Device utilization summary
	9.2) Partition Resource Summary
	9.3) TIMING REPORT


=========================================================================
*                      Synthesis Options Summary                        *
=========================================================================
---- Source Parameters
Input File Name                    : "comparador.prj"
Input Format                       : mixed
Ignore Synthesis Constraint File   : NO

---- Target Parameters
Output File Name                   : "comparador"
Output Format                      : NGC
Target Device                      : xc3s500e-4-fg320

---- Source Options
Top Module Name                    : comparador
Automatic FSM Extraction           : YES
FSM Encoding Algorithm             : Auto
Safe Implementation                : No
FSM Style                          : LUT
RAM Extraction                     : Yes
RAM Style                          : Auto
ROM Extraction                     : Yes
Mux Style                          : Auto
Decoder Extraction                 : YES
Priority Encoder Extraction        : Yes
Shift Register Extraction          : YES
Logical Shifter Extraction         : YES
XOR Collapsing                     : YES
ROM Style                          : Auto
Mux Extraction                     : Yes
Resource Sharing                   : YES
Asynchronous To Synchronous        : NO
Multiplier Style                   : Auto
Automatic Register Balancing       : No

---- Target Options
Add IO Buffers                     : YES
Global Maximum Fanout              : 100000
Add Generic Clock Buffer(BUFG)     : 24
Register Duplication               : YES
Slice Packing                      : YES
Optimize Instantiated Primitives   : NO
Use Clock Enable                   : Yes
Use Synchronous Set                : Yes
Use Synchronous Reset              : Yes
Pack IO Registers into IOBs        : Auto
Equivalent register Removal        : YES

---- General Options
Optimization Goal                  : Speed
Optimization Effort                : 1
Keep Hierarchy                     : No
Netlist Hierarchy                  : As_Optimized
RTL Output                         : Yes
Global Optimization                : AllClockNets
Read Cores                         : YES
Write Timing Constraints           : NO
Cross Clock Analysis               : NO
Hierarchy Separator                : /
Bus Delimiter                      : <>
Case Specifier                     : Maintain
Slice Utilization Ratio            : 100
BRAM Utilization Ratio             : 100
Verilog 2001                       : YES
Auto BRAM Packing                  : NO
Slice Utilization Ratio Delta      : 5

=========================================================================


=========================================================================
*                          HDL Compilation                              *
=========================================================================
WARNING:HDLParsers:3607 - Unit work/comparador is now defined in a different file.  It was defined in "D:/Prototipacao Digital/prototipacao-digital/GB/Comparador/aagb1/comparador.vhd", and is now defined in "C:/unisinos/prototipacao-digital-ga-1/GB/Comparador/aagb1/comparador.vhd".
WARNING:HDLParsers:3607 - Unit work/comparador/comparador is now defined in a different file.  It was defined in "D:/Prototipacao Digital/prototipacao-digital/GB/Comparador/aagb1/comparador.vhd", and is now defined in "C:/unisinos/prototipacao-digital-ga-1/GB/Comparador/aagb1/comparador.vhd".
WARNING:HDLParsers:3607 - Unit work/cbits is now defined in a different file.  It was defined in "D:/Prototipacao Digital/prototipacao-digital/GB/Comparador/aagb1/cbits.vhd", and is now defined in "C:/unisinos/prototipacao-digital-ga-1/GB/Comparador/aagb1/cbits.vhd".
WARNING:HDLParsers:3607 - Unit work/cbits/cbits is now defined in a different file.  It was defined in "D:/Prototipacao Digital/prototipacao-digital/GB/Comparador/aagb1/cbits.vhd", and is now defined in "C:/unisinos/prototipacao-digital-ga-1/GB/Comparador/aagb1/cbits.vhd".
Compiling vhdl file "C:/unisinos/prototipacao-digital-ga-1/GB/Comparador/aagb1/cbits.vhd" in Library work.
Entity <cbits> compiled.
Entity <cbits> (Architecture <cbits>) compiled.
Compiling vhdl file "C:/unisinos/prototipacao-digital-ga-1/GB/Comparador/aagb1/comparador.vhd" in Library work.
Entity <comparador> compiled.
Entity <comparador> (Architecture <comparador>) compiled.

=========================================================================
*                     Design Hierarchy Analysis                         *
=========================================================================
Analyzing hierarchy for entity <comparador> in library <work> (architecture <comparador>) with generics.
	NUM_BITS = 4

Analyzing hierarchy for entity <cbits> in library <work> (architecture <cbits>).


=========================================================================
*                            HDL Analysis                               *
=========================================================================
Analyzing generic Entity <comparador> in library <work> (Architecture <comparador>).
	NUM_BITS = 4
Entity <comparador> analyzed. Unit <comparador> generated.

Analyzing Entity <cbits> in library <work> (Architecture <cbits>).
Entity <cbits> analyzed. Unit <cbits> generated.


=========================================================================
*                           HDL Synthesis                               *
=========================================================================

Performing bidirectional port resolution...

Synthesizing Unit <cbits>.
    Related source file is "C:/unisinos/prototipacao-digital-ga-1/GB/Comparador/aagb1/cbits.vhd".
INFO:Xst:1608 - Relative priorities of control signals on register <s_ma> differ from those commonly found in the selected device family. This will result in additional logic around the register.
INFO:Xst:1608 - Relative priorities of control signals on register <s_me> differ from those commonly found in the selected device family. This will result in additional logic around the register.
WARNING:Xst:737 - Found 1-bit latch for signal <s_ma>. Latches may be generated from incomplete case or if statements. We do not recommend the use of latches in FPGA/CPLD designs, as they may lead to timing problems.
WARNING:Xst:737 - Found 1-bit latch for signal <s_me>. Latches may be generated from incomplete case or if statements. We do not recommend the use of latches in FPGA/CPLD designs, as they may lead to timing problems.
    Found 1-bit xor2 for signal <s_ma$xor0000> created at line 77.
Unit <cbits> synthesized.


Synthesizing Unit <comparador>.
    Related source file is "C:/unisinos/prototipacao-digital-ga-1/GB/Comparador/aagb1/comparador.vhd".
WARNING:Xst:653 - Signal <s_me_aux<4>> is used but never assigned. This sourceless signal will be automatically connected to value 0.
WARNING:Xst:653 - Signal <s_ma_aux<4>> is used but never assigned. This sourceless signal will be automatically connected to value 0.
Unit <comparador> synthesized.


=========================================================================
HDL Synthesis Report

Macro Statistics
# Latches                                              : 8
 1-bit latch                                           : 8
# Xors                                                 : 4
 1-bit xor2                                            : 4

=========================================================================

=========================================================================
*                       Advanced HDL Synthesis                          *
=========================================================================


=========================================================================
Advanced HDL Synthesis Report

Macro Statistics
# Latches                                              : 8
 1-bit latch                                           : 8
# Xors                                                 : 4
 1-bit xor2                                            : 4

=========================================================================

=========================================================================
*                         Low Level Synthesis                           *
=========================================================================

Optimizing unit <comparador> ...

Optimizing unit <cbits> ...

Mapping all equations...
Building and optimizing final netlist ...
Found area constraint ratio of 100 (+ 5) on block comparador, actual ratio is 0.

Final Macro Processing ...

=========================================================================
Final Register Report

Found no macro
=========================================================================

=========================================================================
*                           Partition Report                            *
=========================================================================

Partition Implementation Status
-------------------------------

  No Partitions were found in this design.

-------------------------------

=========================================================================
*                            Final Report                               *
=========================================================================
Final Results
RTL Top Level Output File Name     : comparador.ngr
Top Level Output File Name         : comparador
Output Format                      : NGC
Optimization Goal                  : Speed
Keep Hierarchy                     : No

Design Statistics
# IOs                              : 10

Cell Usage :
# BELS                             : 19
#      GND                         : 1
#      LUT2                        : 6
#      LUT3                        : 6
#      LUT4                        : 6
# FlipFlops/Latches                : 8
#      LDCP                        : 8
# IO Buffers                       : 10
#      IBUF                        : 8
#      OBUF                        : 2
=========================================================================

Device utilization summary:
---------------------------

Selected Device : 3s500efg320-4 

 Number of Slices:                       16  out of   4656     0%  
 Number of Slice Flip Flops:              6  out of   9312     0%  
 Number of 4 input LUTs:                 18  out of   9312     0%  
 Number of IOs:                          10
 Number of bonded IOBs:                  10  out of    232     4%  
    IOB Flip Flops:                       2

---------------------------
Partition Resource Summary:
---------------------------

  No Partitions were found in this design.

---------------------------


=========================================================================
TIMING REPORT

NOTE: THESE TIMING NUMBERS ARE ONLY A SYNTHESIS ESTIMATE.
      FOR ACCURATE TIMING INFORMATION PLEASE REFER TO THE TRACE REPORT
      GENERATED AFTER PLACE-and-ROUTE.

Clock Information:
------------------
-----------------------------------------------------------------------------+--------------------------------------+-------+
Clock Signal                                                                 | Clock buffer(FF name)                | Load  |
-----------------------------------------------------------------------------+--------------------------------------+-------+
comparador[3].instancia/s_ma_not0000(comparador[3].instancia/s_ma_not00001:O)| NONE(*)(comparador[3].instancia/s_ma)| 2     |
comparador[2].instancia/s_ma_not0000(comparador[2].instancia/s_ma_not00001:O)| NONE(*)(comparador[2].instancia/s_ma)| 2     |
comparador[1].instancia/s_ma_not0000(comparador[1].instancia/s_ma_not00001:O)| NONE(*)(comparador[1].instancia/s_ma)| 2     |
comparador[0].instancia/s_ma_not0000(comparador[0].instancia/s_ma_not00001:O)| NONE(*)(comparador[0].instancia/s_ma)| 2     |
-----------------------------------------------------------------------------+--------------------------------------+-------+
(*) These 4 clock signal(s) are generated by combinatorial logic,
and XST is not able to identify which are the primary clock signals.
Please use the CLOCK_SIGNAL constraint to specify the clock signal(s) generated by combinatorial logic.
INFO:Xst:2169 - HDL ADVISOR - Some clock signals were not automatically buffered by XST with BUFG/BUFR resources. Please use the buffer_type constraint in order to insert these buffers to the clock signals to help prevent skew problems.

Asynchronous Control Signals Information:
----------------------------------------
---------------------------------------------------------------------------+-----------------------------------+-------+
Control Signal                                                             | Buffer(FF name)                   | Load  |
---------------------------------------------------------------------------+-----------------------------------+-------+
comparador[3].instancia/s_ma_or0000(comparador[3].instancia/s_me_or00011:O)| NONE(comparador[3].instancia/s_ma)| 2     |
comparador[3].instancia/s_ma_or0001(comparador[3].instancia/s_me_or00001:O)| NONE(comparador[3].instancia/s_ma)| 2     |
comparador[0].instancia/s_ma_or0000(comparador[0].instancia/s_ma_or00001:O)| NONE(comparador[0].instancia/s_ma)| 1     |
comparador[0].instancia/s_ma_or0001(comparador[0].instancia/s_ma_or00011:O)| NONE(comparador[0].instancia/s_ma)| 1     |
comparador[0].instancia/s_me_or0000(comparador[0].instancia/s_me_or00001:O)| NONE(comparador[0].instancia/s_me)| 1     |
comparador[0].instancia/s_me_or0001(comparador[0].instancia/s_me_or00011:O)| NONE(comparador[0].instancia/s_me)| 1     |
comparador[1].instancia/s_ma_or0000(comparador[1].instancia/s_ma_or00001:O)| NONE(comparador[1].instancia/s_ma)| 1     |
comparador[1].instancia/s_ma_or0001(comparador[1].instancia/s_ma_or00011:O)| NONE(comparador[1].instancia/s_ma)| 1     |
comparador[1].instancia/s_me_or0000(comparador[1].instancia/s_me_or00001:O)| NONE(comparador[1].instancia/s_me)| 1     |
comparador[1].instancia/s_me_or0001(comparador[1].instancia/s_me_or00011:O)| NONE(comparador[1].instancia/s_me)| 1     |
comparador[2].instancia/s_ma_or0000(comparador[2].instancia/s_ma_or00001:O)| NONE(comparador[2].instancia/s_ma)| 1     |
comparador[2].instancia/s_ma_or0001(comparador[2].instancia/s_ma_or00011:O)| NONE(comparador[2].instancia/s_ma)| 1     |
comparador[2].instancia/s_me_or0000(comparador[2].instancia/s_me_or00001:O)| NONE(comparador[2].instancia/s_me)| 1     |
comparador[2].instancia/s_me_or0001(comparador[2].instancia/s_me_or00011:O)| NONE(comparador[2].instancia/s_me)| 1     |
---------------------------------------------------------------------------+-----------------------------------+-------+

Timing Summary:
---------------
Speed Grade: -4

   Minimum period: No path found
   Minimum input arrival time before clock: No path found
   Maximum output required time after clock: 4.368ns
   Maximum combinational path delay: No path found

Timing Detail:
--------------
All values displayed in nanoseconds (ns)

=========================================================================
Timing constraint: Default OFFSET OUT AFTER for Clock 'comparador[0].instancia/s_ma_not0000'
  Total number of paths / destination ports: 2 / 2
-------------------------------------------------------------------------
Offset:              4.368ns (Levels of Logic = 1)
  Source:            comparador[0].instancia/s_ma (LATCH)
  Destination:       s_ma (PAD)
  Source Clock:      comparador[0].instancia/s_ma_not0000 falling

  Data Path: comparador[0].instancia/s_ma to s_ma
                                Gate     Net
    Cell:in->out      fanout   Delay   Delay  Logical Name (Net Name)
    ----------------------------------------  ------------
     LDCP:G->Q             1   0.676   0.420  comparador[0].instancia/s_ma (comparador[0].instancia/s_ma)
     OBUF:I->O                 3.272          s_ma_OBUF (s_ma)
    ----------------------------------------
    Total                      4.368ns (3.948ns logic, 0.420ns route)
                                       (90.4% logic, 9.6% route)

=========================================================================


Total REAL time to Xst completion: 8.00 secs
Total CPU time to Xst completion: 7.71 secs
 
--> 

Total memory usage is 4513836 kilobytes

Number of errors   :    0 (   0 filtered)
Number of warnings :    8 (   0 filtered)
Number of infos    :    3 (   0 filtered)

