AR controle_tanque controle_tanque "D:/Prototipacao Digital/GA/Atividade 1/prototipacao-digital-ga-1/controle_tanque/controle_tanque.vhd" sub00/vhpl01 1619039191
EN controle_tanque NULL "D:/Prototipacao Digital/GA/Atividade 1/prototipacao-digital-ga-1/controle_tanque/controle_tanque.vhd" sub00/vhpl00 1619039190
