V3 3
FL "D:/Prototipacao Digital/GA/Atividade 1/prototipacao-digital-ga-1/controle_tanque/controle_tanque.vhd" 2021/04/21.18:06:10 P.20131013
EN work/controle_tanque 1619039190 \
      FL "D:/Prototipacao Digital/GA/Atividade 1/prototipacao-digital-ga-1/controle_tanque/controle_tanque.vhd" \
      PB ieee/std_logic_1164 1381692176
AR work/controle_tanque/controle_tanque 1619039191 \
      FL "D:/Prototipacao Digital/GA/Atividade 1/prototipacao-digital-ga-1/controle_tanque/controle_tanque.vhd" \
      EN work/controle_tanque 1619039190
