V3 15
FL C:/unisinos/prototipacao-digital-ga-1/GB/Elevador/aagb2/top_level.vhd 2021/06/11.19:42:33 P.20131013
FL "D:/Prototipacao Digital/prototipacao-digital/GB/Elevador/aagb2/controle_estados.vhd" 2021/06/23.00:35:12 P.20131013
EN work/controle_estados 1624420741 \
      FL "D:/Prototipacao Digital/prototipacao-digital/GB/Elevador/aagb2/controle_estados.vhd" \
      PB ieee/std_logic_1164 1381692176 PB ieee/std_logic_arith 1381692177 \
      PB ieee/STD_LOGIC_UNSIGNED 1381692179
AR work/controle_estados/controle_estados 1624420742 \
      FL "D:/Prototipacao Digital/prototipacao-digital/GB/Elevador/aagb2/controle_estados.vhd" \
      EN work/controle_estados 1624420741
FL "D:/Prototipacao Digital/prototipacao-digital/GB/Elevador/aagb2/controle_saidas.vhd" 2021/06/23.00:17:48 P.20131013
EN work/controle_saidas 1624420743 \
      FL "D:/Prototipacao Digital/prototipacao-digital/GB/Elevador/aagb2/controle_saidas.vhd" \
      PB ieee/std_logic_1164 1381692176 PB ieee/std_logic_arith 1381692177 \
      PB ieee/STD_LOGIC_UNSIGNED 1381692179
AR work/controle_saidas/controle_saidas 1624420744 \
      FL "D:/Prototipacao Digital/prototipacao-digital/GB/Elevador/aagb2/controle_saidas.vhd" \
      EN work/controle_saidas 1624420743
FL "D:/Prototipacao Digital/prototipacao-digital/GB/Elevador/aagb2/elevador.vhd" 2021/06/23.00:58:58 P.20131013
EN work/elevador 1624420745 \
      FL "D:/Prototipacao Digital/prototipacao-digital/GB/Elevador/aagb2/elevador.vhd" \
      PB ieee/std_logic_1164 1381692176 PB ieee/std_logic_arith 1381692177 \
      PB ieee/STD_LOGIC_UNSIGNED 1381692179
AR work/elevador/elevador 1624420746 \
      FL "D:/Prototipacao Digital/prototipacao-digital/GB/Elevador/aagb2/elevador.vhd" \
      EN work/elevador 1624420745 CP work/controle_estados CP work/controle_saidas
FL "D:/Prototipacao Digital/prototipacao-digital/GB/Elevador/aagb2/top_level.vhd" 2021/06/18.20:45:13 P.20131013
EN work/top_level 1624060047 \
      FL "D:/Prototipacao Digital/prototipacao-digital/GB/Elevador/aagb2/top_level.vhd" \
      PB ieee/std_logic_1164 1381692176 PB ieee/std_logic_arith 1381692177 \
      PB ieee/STD_LOGIC_UNSIGNED 1381692179
AR work/top_level/top_level 1624060048 \
      FL "D:/Prototipacao Digital/prototipacao-digital/GB/Elevador/aagb2/top_level.vhd" \
      EN work/top_level 1624060047
