V3 7
FL C:/unisinos/prototipacao-digital-ga-1/GB/Elevador/aagb2/top_level.vhd 2021/06/11.19:42:33 P.20131013
FL "D:/Prototipacao Digital/prototipacao-digital/GB/Elevador/aagb2/controle_estados.vhd" 2021/06/20.18:33:02 P.20131013
EN work/controle_estados 1624224816 \
      FL "D:/Prototipacao Digital/prototipacao-digital/GB/Elevador/aagb2/controle_estados.vhd" \
      PB ieee/std_logic_1164 1381692176 PB ieee/std_logic_arith 1381692177 \
      PB ieee/STD_LOGIC_UNSIGNED 1381692179
AR work/controle_estados/controle_estados 1624224817 \
      FL "D:/Prototipacao Digital/prototipacao-digital/GB/Elevador/aagb2/controle_estados.vhd" \
      EN work/controle_estados 1624224816
FL "D:/Prototipacao Digital/prototipacao-digital/GB/Elevador/aagb2/top_level.vhd" 2021/06/18.20:45:13 P.20131013
EN work/top_level 1624060047 \
      FL "D:/Prototipacao Digital/prototipacao-digital/GB/Elevador/aagb2/top_level.vhd" \
      PB ieee/std_logic_1164 1381692176 PB ieee/std_logic_arith 1381692177 \
      PB ieee/STD_LOGIC_UNSIGNED 1381692179
AR work/top_level/top_level 1624060048 \
      FL "D:/Prototipacao Digital/prototipacao-digital/GB/Elevador/aagb2/top_level.vhd" \
      EN work/top_level 1624060047
