V3 3
FL C:/unisinos/prototipacao-digital-ga-1/Projeto_ULA/ula/ula.vhd 2021/05/01.15:43:37 P.20131013
EN work/ula 1619894630 \
      FL C:/unisinos/prototipacao-digital-ga-1/Projeto_ULA/ula/ula.vhd \
      PB ieee/std_logic_1164 1381692176 PB ieee/std_logic_arith 1381692177 \
      PB ieee/STD_LOGIC_UNSIGNED 1381692179
AR work/ula/ula 1619894631 \
      FL C:/unisinos/prototipacao-digital-ga-1/Projeto_ULA/ula/ula.vhd \
      EN work/ula 1619894630
