EN cbits NULL "D:/Prototipacao Digital/prototipacao-digital/GB/Comparador/aagb1/cbits.vhd" sub00/vhpl00 1622311655
EN comparador NULL "D:/Prototipacao Digital/prototipacao-digital/GB/Comparador/aagb1/comparador.vhd" sub00/vhpl02 1622311657
AR comparador comparador "D:/Prototipacao Digital/prototipacao-digital/GB/Comparador/aagb1/comparador.vhd" sub00/vhpl03 1622311658
AR cbits cbits "D:/Prototipacao Digital/prototipacao-digital/GB/Comparador/aagb1/cbits.vhd" sub00/vhpl01 1622311656
