EN cbits NULL C:/unisinos/prototipacao-digital-ga-1/GB/Comparador/aagb1/cbits.vhd sub00/vhpl00 1622512467
EN comparador NULL C:/unisinos/prototipacao-digital-ga-1/GB/Comparador/aagb1/comparador.vhd sub00/vhpl02 1622512435
AR comparador comparador C:/unisinos/prototipacao-digital-ga-1/GB/Comparador/aagb1/comparador.vhd sub00/vhpl03 1622512436
AR cbits cbits C:/unisinos/prototipacao-digital-ga-1/GB/Comparador/aagb1/cbits.vhd sub00/vhpl01 1622512468
