EN cbits NULL "D:/Prototipacao Digital/prototipacao-digital/GB/Comparador/aagb1/cbits.vhd" sub00/vhpl00 1622299989
EN comparador NULL "D:/Prototipacao Digital/prototipacao-digital/GB/Comparador/aagb1/comparador.vhd" sub00/vhpl02 1622299991
AR cbits cbits "D:/Prototipacao Digital/prototipacao-digital/GB/Comparador/aagb1/cbits.vhd" sub00/vhpl01 1622299990
