V3 8
FL C:/unisinos/prototipacao-digital-ga-1/GB/aagb1/aagb1.vhd 2021/05/28.21:25:39 P.20131013
FL "D:/Prototipacao Digital/prototipacao-digital/GB/Comparador/aagb1/cbits.vhd" 2021/05/29.11:45:28 P.20131013
EN work/cbits 1622299989 \
      FL "D:/Prototipacao Digital/prototipacao-digital/GB/Comparador/aagb1/cbits.vhd" \
      PB ieee/std_logic_1164 1381692176 PB ieee/std_logic_arith 1381692177 \
      PB ieee/STD_LOGIC_UNSIGNED 1381692179
AR work/cbits/cbits 1622299990 \
      FL "D:/Prototipacao Digital/prototipacao-digital/GB/Comparador/aagb1/cbits.vhd" \
      EN work/cbits 1622299989
EN work/comparador 0 \
      FL "D:/Prototipacao Digital/prototipacao-digital/GB/Comparador/aagb1/comparador.vhd" \
      PB ieee/std_logic_1164 1381692176
AR work/comparador/comparador 0 \
      FL "D:/Prototipacao Digital/prototipacao-digital/GB/Comparador/aagb1/comparador.vhd" \
      EN work/comparador 0 CP work/cbits
