AR semaforo semaforo "D:/Prototipacao Digital/GA/Atividade 1/prototipacao-digital-ga-1/Atividade_2_Semaforo/semaforo/semaforo.vhd" sub00/vhpl01 1619535065
EN semaforo NULL "D:/Prototipacao Digital/GA/Atividade 1/prototipacao-digital-ga-1/Atividade_2_Semaforo/semaforo/semaforo.vhd" sub00/vhpl00 1619535064
